// Jest Snapshot v1, https://goo.gl/fbAQLP

exports[` test in <FirstApp /> should display the name into h1 tag 1`] = `
<div>
  <h1
    data-testid="test-name"
  >
    Daniel
  </h1>
  <p>
    subtitle
  </p>
</div>
`;

exports[` test in <FirstApp /> should to do match with the snapshot 1`] = `
<div>
  <h1
    data-testid="test-name"
  >
    Daniel
  </h1>
  <p>
    subtitle
  </p>
</div>
`;
